[www.deratisation-casablanca.com/index.html]
[backblue.gif]
[fade.gif]
[index.html]
[www.google-analytics.com/analytics.js]
[www.deratisation-casablanca.com/img/ico/favicon.ico]
[www.deratisation-casablanca.com/img/ico/apple-touch-icon.png]
[www.deratisation-casablanca.com/img/ico/apple-touch-icon-72.png]
[www.deratisation-casablanca.com/img/ico/apple-touch-icon-114.png]
[www.deratisation-casablanca.com/img/ico/apple-touch-icon-144.png]
[www.deratisation-casablanca.com/contact.html]
[www.deratisation-casablanca.com/img/logo.png]
[www.deratisation-casablanca.com/societe-de-deratisation-casablanca.html]
[www.deratisation-casablanca.com/desinsectisation-casablanca.html]
[www.deratisation-casablanca.com/societe-desinfection-casablanca.html]
[www.deratisation-casablanca.com/anti-souris-casablanca.html]
[www.deratisation-casablanca.com/anti-cafards-casablanca.html]
[www.deratisation-casablanca.com/anti-fourmis-casablanca.html]
[www.deratisation-casablanca.com/traitement-anti-puces-casablanca.html]
[www.deratisation-casablanca.com/traitement-anti-punaises-de-lit-casablanca.html]
[www.deratisation-casablanca.com/anti-mouches-casablanca.html]
[www.deratisation-casablanca.com/anti-moustiques-casablanca.html]
[www.deratisation-casablanca.com/anti-scorpions-casablanca.html]
[www.deratisation-casablanca.com/anti-serpents-casablanca.html]
[www.deratisation-casablanca.com/anti-pigeons-casablanca.html]
[www.deratisation-casablanca.com/deratisation-casablanca/societe-deratisation-a-casablanca.jpg]
[www.deratisation-casablanca.com/deratisation-casablanca/deratisation-desinsectisation-casablanca.jpg]
[www.deratisation-casablanca.com/deratisation-casablanca/deratisation-casablanca-maroc.jpg]
[www.deratisation-casablanca.com/deratisation-casablanca/garantie.png]
[www.deratisation-casablanca.com/hygiene-3d-maroc/devis-gratuit.jpg]
[www.deratisation-casablanca.com/deratisation-casablanca/Société-de-dératisation-casablanca.png]
[www.deratisation-casablanca.com/deratisation-casablanca/Société-de-désinsectisation-casablanca.png]
[www.deratisation-casablanca.com/deratisation-casablanca/société-de-désinfection-casablanca.png]
[www.deratisation-casablanca.com/dereptilisation-casablanca.html]
[www.deratisation-casablanca.com/deratisation-casablanca/société-de-déreptilisation-casablanca.png]
[www.deratisation-casablanca.com/depigeonnisation-casablanca.html]
[www.deratisation-casablanca.com/deratisation-casablanca/société-de-dépigeonnisation-casablanca.png]
[www.deratisation-casablanca.com/desinfection-casablanca/desinfection-coronavirus-casablanca2.jpg]
[www.deratisation-casablanca.com/societe-desinfection-coronavirus-covid19-casablanca.html]
[www.deratisation-casablanca.com/deratisation-casablanca/intervention-de-dératisation-casablanca.png]
[www.deratisation-casablanca.com/deratisation-casablanca/désinsectisation-casablanca-qualité.png]
[www.deratisation-casablanca.com/plan-de-site.html]
[www.deratisation-casablanca.com/js/jquery.min.js]
[www.deratisation-casablanca.com/js/bootstrap.js]
[www.deratisation-casablanca.com/js/jquery.parallax.js]
[www.deratisation-casablanca.com/js/modernizr-2.6.2.min.js]
[www.deratisation-casablanca.com/js/revolution-slider/js/jquery.themepunch.revolution.min.js]
[www.deratisation-casablanca.com/js/jquery.nivo.slider.pack.js]
[www.deratisation-casablanca.com/js/jquery.prettyPhoto.js]
[www.deratisation-casablanca.com/js/superfish.js]
[www.deratisation-casablanca.com/js/tweetMachine.js]
[www.deratisation-casablanca.com/js/tytabs.js]
[www.deratisation-casablanca.com/js/jquery.sticky.js]
[www.deratisation-casablanca.com/js/jflickrfeed.js]
[www.deratisation-casablanca.com/js/imagesloaded.pkgd.min.js]
[www.deratisation-casablanca.com/js/waypoints.min.js]
[www.deratisation-casablanca.com/js/spectrum.js]
[www.deratisation-casablanca.com/js/switcher.js]
[www.deratisation-casablanca.com/js/jquery.gmap.min.js]
[www.deratisation-casablanca.com/js/custom.js]
[www.deratisation-casablanca.com/index.html]
[www.deratisation-casablanca.com/css/bootstrap.css]
[www.deratisation-casablanca.com/css/bootstrap-theme.html]
[www.deratisation-casablanca.com/css/fonts/font-awesome/font/fontawesome-webfontf77bf77b.eot]
[www.deratisation-casablanca.com/css/fonts/font-awesome/font/fontawesome-webfontd41dd41d.eot]
[www.deratisation-casablanca.com/css/fonts/font-awesome/font/fontawesome-webfontf77bf77b.woff]
[www.deratisation-casablanca.com/css/fonts/font-awesome/font/fontawesome-webfontf77bf77b.ttf]
[www.deratisation-casablanca.com/css/fonts/font-awesome/css/font-awesome.css]
[www.deratisation-casablanca.com/css/animations.css]
[www.deratisation-casablanca.com/css/superfish.css]
[www.deratisation-casablanca.com/css/revolution-slider/images/gradient/g30.png]
[www.deratisation-casablanca.com/css/revolution-slider/images/gradient/g40.png]
[www.deratisation-casablanca.com/css/revolution-slider/assets/shadow1.png]
[www.deratisation-casablanca.com/css/revolution-slider/assets/shadow2.png]
[www.deratisation-casablanca.com/css/revolution-slider/assets/shadow3.png]
[www.deratisation-casablanca.com/css/revolution-slider/assets/boxed_bgtile.png]
[www.deratisation-casablanca.com/css/revolution-slider/assets/navigdots_bgtile.png]
[www.deratisation-casablanca.com/css/revolution-slider/assets/bullet.png]
[www.deratisation-casablanca.com/css/revolution-slider/assets/bullets.png]
[www.deratisation-casablanca.com/css/revolution-slider/assets/bullets2.png]
[www.deratisation-casablanca.com/css/revolution-slider/assets/bullet_boxed.png]
[www.deratisation-casablanca.com/css/revolution-slider/assets/navigdots.png]
[www.deratisation-casablanca.com/css/revolution-slider/assets/large_left.png]
[www.deratisation-casablanca.com/css/revolution-slider/assets/large_right.png]
[www.deratisation-casablanca.com/css/revolution-slider/assets/small_left.png]
[www.deratisation-casablanca.com/css/revolution-slider/assets/small_right.png]
[www.deratisation-casablanca.com/css/revolution-slider/assets/arrow_left.png]
[www.deratisation-casablanca.com/css/revolution-slider/assets/arrow_right.png]
[www.deratisation-casablanca.com/css/revolution-slider/assets/small_left_boxed.png]
[www.deratisation-casablanca.com/css/revolution-slider/assets/small_right_boxed.png]
[www.deratisation-casablanca.com/css/revolution-slider/assets/arrowleft.png]
[www.deratisation-casablanca.com/css/revolution-slider/assets/arrowright.png]
[www.deratisation-casablanca.com/css/revolution-slider/assets/arrow_left2.png]
[www.deratisation-casablanca.com/css/revolution-slider/assets/arrow_right2.png]
[www.deratisation-casablanca.com/css/revolution-slider/assets/timer.png]
[www.deratisation-casablanca.com/css/revolution-slider/assets/coloredbg.png]
[www.deratisation-casablanca.com/css/revolution-slider/assets/loader.gif]
[www.deratisation-casablanca.com/css/revolution-slider/css/settings.css]
[www.deratisation-casablanca.com/img/prettyPhoto/default/sprite.png]
[www.deratisation-casablanca.com/img/prettyPhoto/default/sprite_x.png]
[www.deratisation-casablanca.com/img/prettyPhoto/default/sprite_y.png]
[www.deratisation-casablanca.com/img/prettyPhoto/default/sprite_next.png]
[www.deratisation-casablanca.com/img/prettyPhoto/default/sprite_prev.png]
[www.deratisation-casablanca.com/img/prettyPhoto/default/default_thumb.png]
[www.deratisation-casablanca.com/img/prettyPhoto/default/loader.gif]
[www.deratisation-casablanca.com/img/prettyPhoto/light_rounded/sprite.png]
[www.deratisation-casablanca.com/img/prettyPhoto/light_rounded/btnNext.png]
[www.deratisation-casablanca.com/img/prettyPhoto/light_rounded/btnPrevious.png]
[www.deratisation-casablanca.com/img/prettyPhoto/light_rounded/loader.gif]
[www.deratisation-casablanca.com/img/prettyPhoto/dark_rounded/sprite.png]
[www.deratisation-casablanca.com/img/prettyPhoto/dark_rounded/contentPattern.png]
[www.deratisation-casablanca.com/img/prettyPhoto/dark_rounded/btnNext.png]
[www.deratisation-casablanca.com/img/prettyPhoto/dark_rounded/btnPrevious.png]
[www.deratisation-casablanca.com/img/prettyPhoto/dark_rounded/loader.gif]
[www.deratisation-casablanca.com/img/prettyPhoto/dark_square/loader.gif]
[www.deratisation-casablanca.com/img/prettyPhoto/dark_square/sprite.png]
[www.deratisation-casablanca.com/img/prettyPhoto/dark_square/btnNext.png]
[www.deratisation-casablanca.com/img/prettyPhoto/dark_square/btnPrevious.png]
[www.deratisation-casablanca.com/img/prettyPhoto/light_square/sprite.png]
[www.deratisation-casablanca.com/img/prettyPhoto/light_square/btnNext.png]
[www.deratisation-casablanca.com/img/prettyPhoto/light_square/btnPrevious.png]
[www.deratisation-casablanca.com/img/prettyPhoto/facebook/sprite.png]
[www.deratisation-casablanca.com/img/prettyPhoto/facebook/contentPatternTop.png]
[www.deratisation-casablanca.com/img/prettyPhoto/facebook/contentPatternLeft.png]
[www.deratisation-casablanca.com/img/prettyPhoto/facebook/contentPatternRight.png]
[www.deratisation-casablanca.com/img/prettyPhoto/facebook/loader.gif]
[www.deratisation-casablanca.com/img/prettyPhoto/facebook/btnNext.png]
[www.deratisation-casablanca.com/img/prettyPhoto/facebook/btnPrevious.png]
[www.deratisation-casablanca.com/img/prettyPhoto/facebook/contentPatternBottom.png]
[www.deratisation-casablanca.com/img/prettyPhoto/facebook/default_thumbnail.gif]
[www.deratisation-casablanca.com/css/prettyPhoto.css]
[www.deratisation-casablanca.com/img/bg_off.png]
[www.deratisation-casablanca.com/img/search-icon.png]
[www.deratisation-casablanca.com/img/loader.gif]
[www.deratisation-casablanca.com/img/contact-map.png]
[www.deratisation-casablanca.com/css/style.css]
[www.deratisation-casablanca.com/css/colors/blue.css]
[www.deratisation-casablanca.com/img/patterns/whitey.png]
[www.deratisation-casablanca.com/css/theme-responsive.css]
[www.deratisation-casablanca.com/img/patterns/retina_wood.png]
[www.deratisation-casablanca.com/img/patterns/subtle_grunge.png]
[www.deratisation-casablanca.com/img/patterns/denim.png]
[www.deratisation-casablanca.com/img/patterns/lghtmesh.png]
[www.deratisation-casablanca.com/img/patterns/fabrics_gray.png]
[www.deratisation-casablanca.com/img/patterns/tileable_wood.png]
[www.deratisation-casablanca.com/img/patterns/dark_wood.png]
[www.deratisation-casablanca.com/img/patterns/wall.png]
[www.deratisation-casablanca.com/img/patterns/grey_wash.png]
[www.deratisation-casablanca.com/css/switcher.css]
[www.deratisation-casablanca.com/css/spectrum.css]
[www.deratisation-casablanca.com/contact.html]
[www.deratisation-casablanca.com/contact-2.html]
[www.deratisation-casablanca.com/.html]
[maxcdn.bootstrapcdn.com/bootstrap/3.4.0/css/bootstrap.min.css]
[www.deratisation-casablanca.com/deratisation-casablanca/entreprise-deratisation-casablanca.jpg]
[www.deratisation-casablanca.com/deratisation-casablanca/anti-rats-casablanca.jpg]
[www.deratisation-casablanca.com/deratisation-casablanca/anti-souris-casablanca.jpg]
[www.deratisation-casablanca.com/deratisation-casablanca/degat-rat-rongeur-fil-electrique.jpg]
[www.deratisation-casablanca.com/deratisation-casablanca/trou-rat-mur.jpg]
[www.deratisation-casablanca.com/deratisation-casablanca/probleme-souris-casablanca.jpg]
[www.deratisation-casablanca.com/societe-de-deratisation-casablanca.html]
[www.deratisation-casablanca.com/desinsectisation-casablanca/entreprise-desinsectisation-casablanca.jpg]
[www.deratisation-casablanca.com/desinsectisation-casablanca/casablanca-desinsectisation.jpg]
[www.deratisation-casablanca.com/desinsectisation-casablanca/desinsectisation-casablanca-maroc.jpg]
[www.deratisation-casablanca.com/desinsectisation-casablanca/cafard-blatte-germanique-femelle.jpg]
[www.deratisation-casablanca.com/desinsectisation-casablanca/cafard-blatte-americaine.jpg]
[www.deratisation-casablanca.com/desinsectisation-casablanca/cafard-blatte-orientale.jpg]
[www.deratisation-casablanca.com/desinsectisation-casablanca/cafard-blatte-rayee.jpg]
[www.deratisation-casablanca.com/desinsectisation-casablanca/puces-animal-domestique-chien.jpg]
[www.deratisation-casablanca.com/desinsectisation-casablanca/puce-desinsectisation.jpg]
[www.deratisation-casablanca.com/desinsectisation-casablanca/fourmi-noire-insecte.jpg]
[www.deratisation-casablanca.com/desinsectisation-casablanca/fourmi-pharaon-insecte.jpg]
[www.deratisation-casablanca.com/desinsectisation-casablanca/punaise-de-lit-insecte.jpg]
[www.deratisation-casablanca.com/desinsectisation-casablanca/punaise-lit-male-femelle-insecte.jpg]
[www.deratisation-casablanca.com/desinsectisation-casablanca/punaise-lit-dectection-main.jpg]
[www.deratisation-casablanca.com/desinsectisation-casablanca/punaise-lit-piqures-dos-femme.jpg]
[www.deratisation-casablanca.com/desinsectisation-casablanca/petite-mouche-domestique-insecte.jpg]
[www.deratisation-casablanca.com/desinsectisation-casablanca/mouche-taon-cheval.jpg]
[www.deratisation-casablanca.com/desinsectisation-casablanca/mouche-domestique-insecte.jpg]
[www.deratisation-casablanca.com/desinsectisation-casablanca/mouche-vinaigre-insecte.jpg]
[www.deratisation-casablanca.com/desinsectisation-casablanca/abeille-insecte.jpg]
[www.deratisation-casablanca.com/desinsectisation-casablanca/guepe-insecte.jpg]
[www.deratisation-casablanca.com/desinsectisation-casablanca/piqure-guepe-abeille-insecte.jpg]
[www.deratisation-casablanca.com/desinsectisation-casablanca/mite-insecte.jpg]
[www.deratisation-casablanca.com/desinsectisation-casablanca/mite-insecte-trou-vetement.jpg]
[www.deratisation-casablanca.com/desinsectisation-casablanca/mite-oeufs-vetements.jpg]
[www.deratisation-casablanca.com/desinsectisation-casablanca/mite-vetement-trou-tricot.jpg]
[www.deratisation-casablanca.com/desinsectisation-casablanca/moustique-tigre-insecte.jpg]
[www.deratisation-casablanca.com/desinsectisation-casablanca/moustique-culex-insecte.jpg]
[www.deratisation-casablanca.com/desinsectisation-casablanca.html]
[www.deratisation-casablanca.com/desinfection-casablanca/desinfection-hopital.jpg]
[www.deratisation-casablanca.com/desinfection-casablanca/desinfection-restaurant.jpg]
[www.deratisation-casablanca.com/desinfection-casablanca/desinfection-boulongerie.jpg]
[www.deratisation-casablanca.com/produits.html]
[www.deratisation-casablanca.com/desinfection-casablanca/desinfection-hotel.jpg]
[www.deratisation-casablanca.com/societe-desinfection-casablanca.html]
[www.deratisation-casablanca.com/deratisation-casablanca/souris-casablanca.jpg]
[www.deratisation-casablanca.com/deratisation-casablanca/rats-casablanca.jpg]
[www.deratisation-casablanca.com/deratisation-casablanca/deratisation-casablanca.jpg]
[www.deratisation-casablanca.com/deratisation-casablanca/traitement-souris.jpg]
[www.deratisation-casablanca.com/deratisation-casablanca/solution-deratisation-casablanca.jpg]
[www.deratisation-casablanca.com/anti-souris-casablanca.html]
[www.deratisation-casablanca.com/desinsectisation-casablanca/casablanca-cafards.jpg]
[www.deratisation-casablanca.com/desinsectisation-casablanca/solution-cafards-casablanca.jpg]
[www.deratisation-casablanca.com/desinsectisation-casablanca/traitement-cafards-casablanca.jpg]
[www.deratisation-casablanca.com/desinsectisation-casablanca/cafards-casablanca.jpg]
[www.deratisation-casablanca.com/desinsectisation-casablanca/anti-cafards-casablanca.jpg]
[www.deratisation-casablanca.com/anti-cafards-casablanca.html]
[www.deratisation-casablanca.com/desinsectisation-casablanca/fourmis-casablanca.jpg]
[www.deratisation-casablanca.com/desinsectisation-casablanca/solution-fourmis-casablanca.jpg]
[www.deratisation-casablanca.com/desinsectisation-casablanca/traitement-fourmis-casablanca.jpg]
[www.deratisation-casablanca.com/desinsectisation-casablanca/insectes-casablanca.jpg]
[www.deratisation-casablanca.com/desinsectisation-casablanca/casablanca-fourmis.jpg]
[www.deratisation-casablanca.com/anti-fourmis-casablanca.html]
[www.deratisation-casablanca.com/anti-puces-casablanca/traitement-anti-puces-casablanca.jpg]
[www.deratisation-casablanca.com/anti-puces-casablanca/anti-puces-casablanca.jpg]
[www.deratisation-casablanca.com/anti-puces-casablanca/devis-gratuit.jpg]
[www.deratisation-casablanca.com/traitement-anti-puces-casablanca.html]
[www.deratisation-casablanca.com/punaises-de-lit-casablanca/anti-punaises-de-lit-casablanca.jpg]
[www.deratisation-casablanca.com/punaises-de-lit-casablanca/traitement-anti-punaises-de-lit-casablanca.jpg]
[www.deratisation-casablanca.com/traitement-anti-punaises-de-lit-casablanca.html]
[www.deratisation-casablanca.com/mouches/solution-mouches-maroc.jpg]
[www.deratisation-casablanca.com/mouches/mouches-maroc.jpg]
[www.deratisation-casablanca.com/anti-mouches-casablanca.html]
[www.deratisation-casablanca.com/moustiques/traitement-moustiques-maroc.jpg]
[www.deratisation-casablanca.com/moustiques/anti-moustiques-maroc.jpg]
[www.deratisation-casablanca.com/anti-moustiques-casablanca.html]
[www.deratisation-casablanca.com/dereptilisation-casablanca/scorpion-nuit.jpg]
[www.deratisation-casablanca.com/dereptilisation-casablanca/anti-scorpion-casablanca.jpg]
[www.deratisation-casablanca.com/dereptilisation-casablanca/scorpion-toit.jpg]
[www.deratisation-casablanca.com/scorpions/probléme-scorpions-maroc.jpg]
[www.deratisation-casablanca.com/dereptilisation-casablanca/scorpion-casablanca.jpg]
[www.deratisation-casablanca.com/scorpions/traitement-scorpions-maroc.jpg]
[www.deratisation-casablanca.com/anti-scorpions-casablanca.html]
[www.deratisation-casablanca.com/dereptilisation-casablanca/serpent-maroc.jpg]
[www.deratisation-casablanca.com/dereptilisation-casablanca/serpent-venimeux.jpg]
[www.deratisation-casablanca.com/dereptilisation-casablanca/reptile-serpent.jpg]
[www.deratisation-casablanca.com/dereptilisation-casablanca/anti-serpents-maroc.jpg]
[www.deratisation-casablanca.com/dereptilisation-casablanca/les-serpents.jpg]
[www.deratisation-casablanca.com/anti-serpents-casablanca.html]
[www.deratisation-casablanca.com/dereptilisation-casablanca/anti-serpent-casablanca.jpg]
[www.deratisation-casablanca.com/depigeonnisation-casablanca/anti-pigeon-casablanca.jpg]
[www.deratisation-casablanca.com/depigeonnisation-casablanca/cropped-pigeons.jpg]
[www.deratisation-casablanca.com/depigeonnisation-casablanca/pigeon-traitement.jpg]
[www.deratisation-casablanca.com/depigeonnisation-casablanca/pigeon-maroc.jpg]
[www.deratisation-casablanca.com/depigeonnisation-casablanca/pigeon.biset.jpg]
[www.deratisation-casablanca.com/depigeonnisation-casablanca/pigeon_colombin.png]
[www.deratisation-casablanca.com/anti-pigeons-casablanca.html]
[www.deratisation-casablanca.com/dereptilisation-casablanca/anti-reptile.jpg]
[www.deratisation-casablanca.com/dereptilisation-casablanca/lézards.jpg]
[www.deratisation-casablanca.com/dereptilisation-casablanca/reptile-casablanca.jpg]
[www.deratisation-casablanca.com/dereptilisation-casablanca/cobra-serpent-venimeux-maroc.jpg]
[www.deratisation-casablanca.com/dereptilisation-casablanca/couleuvre-montpellier-serpent-venimeux-maroc.jpg]
[www.deratisation-casablanca.com/dereptilisation-casablanca/couleuvre-moila-serpent-venimeux-maroc.jpg]
[www.deratisation-casablanca.com/dereptilisation-casablanca/vipere-atlas-serpent-venimeux-maroc.jpg]
[www.deratisation-casablanca.com/dereptilisation-casablanca/vipere-heurtante-serpent-venimeux-maroc.jpg]
[www.deratisation-casablanca.com/dereptilisation-casablanca/vipere-cornes-serpent-venimeux-maroc.jpg]
[www.deratisation-casablanca.com/dereptilisation-casablanca/vipere-erg-serpent-venimeux-maroc.jpg]
[www.deratisation-casablanca.com/dereptilisation-casablanca/vipere-pyramides-serpent-venimeux-maroc.jpg]
[www.deratisation-casablanca.com/dereptilisation-casablanca/vipere-mauritanie-serpent-venimeux-maroc.jpg]
[www.deratisation-casablanca.com/dereptilisation-casablanca/scorpio-maurus-nuisible-scorpion.jpg]
[www.deratisation-casablanca.com/dereptilisation-casablanca/hottentotta-franzwerneri-nuisible-scorpion.jpg]
[www.deratisation-casablanca.com/dereptilisation-casablanca/buthus-tassili-scorpion-maroc.jpg]
[www.deratisation-casablanca.com/dereptilisation-casablanca/buthus-occitanus-scorpion-maroc.jpg]
[www.deratisation-casablanca.com/dereptilisation-casablanca/buthus-atlantis-nuisible-scorpion-maroc.jpg]
[www.deratisation-casablanca.com/dereptilisation-casablanca/butheoloides-maroccanus-nuisible-scorpion-maroc.jpg]
[www.deratisation-casablanca.com/dereptilisation-casablanca/araignee-domestique.jpg]
[www.deratisation-casablanca.com/dereptilisation-casablanca/araignee-de-cave.jpg]
[www.deratisation-casablanca.com/dereptilisation-casablanca/araignee-loup.jpg]
[www.deratisation-casablanca.com/dereptilisation-casablanca/araignee-clubionidae-nuisible.jpg]
[www.deratisation-casablanca.com/dereptilisation-casablanca.html]
[www.deratisation-casablanca.com/depigeonnisation-casablanca/pigeon-casablanca.jpg]
[www.deratisation-casablanca.com/depigeonnisation-casablanca/Chasse-du-pigeon-en-ville.jpg]
[www.deratisation-casablanca.com/depigeonnisation-casablanca/anti-pigeon.jpg]
[www.deratisation-casablanca.com/depigeonnisation-casablanca/depigeonnisation.jpg]
[www.deratisation-casablanca.com/depigeonnisation-casablanca.html]
[www.deratisation-casablanca.com/societe-desinfection-coronavirus-covid19-casablanca.html]
[www.deratisation-casablanca.com/hygiene-3d-casablanca.html]
[www.deratisation-casablanca.com/hygiene-3d-maroc.html]
[www.deratisation-casablanca.com/hygiene-3d-casablanca/service-hygiene-3d-casablanca.jpg]
[www.deratisation-casablanca.com/plan-de-site.html]
[www.deratisation-casablanca.com/www.deratisation-casablanca.html]
[www.deratisation-casablanca.com/css/fonts/font-awesome/font/fontawesome-webfont.svg]
[www.deratisation-casablanca.com/img/img-bg-blur.html]
[www.deratisation-casablanca.com/style.css.css]
[www.deratisation-casablanca.com/pixmamaroc@gmail.html]
[www.deratisation-casablanca.com/-2.html]
[www.deratisation-casablanca.com/contact-2.html]
[www.deratisation-casablanca.com/css/nivo-slider.css]
[maxcdn.bootstrapcdn.com/bootstrap/3.4.0/css/bootstrap.min.css]
[www.deratisation-casablanca.com/img/portfolio/10.jpg]
[www.deratisation-casablanca.com/img/portfolio/1.jpg]
[www.deratisation-casablanca.com/img/portfolio/2.jpg]
[www.deratisation-casablanca.com/img/portfolio/30.jpg]
[www.deratisation-casablanca.com/img/portfolio/3.jpg]
[www.deratisation-casablanca.com/img/portfolio/40.jpg]
[www.deratisation-casablanca.com/img/portfolio/4.jpg]
[www.deratisation-casablanca.com/img/portfolio/50.jpg]
[www.deratisation-casablanca.com/img/portfolio/5.jpg]
[www.deratisation-casablanca.com/img/portfolio/60.jpg]
[www.deratisation-casablanca.com/img/portfolio/6.jpg]
[www.deratisation-casablanca.com/img/portfolio/70.jpg]
[www.deratisation-casablanca.com/img/portfolio/7.jpg]
[www.deratisation-casablanca.com/img/portfolio/80.jpg]
[www.deratisation-casablanca.com/img/portfolio/8.jpg]
[www.deratisation-casablanca.com/img/portfolio/90.jpg]
[www.deratisation-casablanca.com/img/portfolio/9.jpg]
[www.deratisation-casablanca.com/img/portfolio/100.jpg]
[www.deratisation-casablanca.com/img/portfolio/110.jpg]
[www.deratisation-casablanca.com/img/portfolio/11.jpg]
[www.deratisation-casablanca.com/img/portfolio/120.jpg]
[www.deratisation-casablanca.com/produits.html]
[www.deratisation-casablanca.com/img/portfolio/12.jpg]
[www.deratisation-casablanca.com/desinsectisation-casablanca/anti-fourmis-casablanca.html]
[www.deratisation-casablanca.com/desinfection-casablanca.html]
[www.deratisation-casablanca.com/hygiene-3d-casablanca/hygiene-3d-casablanca.png]
[www.deratisation-casablanca.com/hygiene-3d-casablanca/casablanca-hygiene-3D.jpg]
[www.deratisation-casablanca.com/hygiene-3d-casablanca/societe-hygiene-3d-casablanca.jpg]
[www.deratisation-casablanca.com/hygiene-3d-casablanca.html]
[www.deratisation-casablanca.com/hygiene-3d-maroc/hygiene-3d-maroc.jpg]
[www.deratisation-casablanca.com/hygiene-3d-maroc/societe-hygiene-3d-maroc.jpg]
[www.deratisation-casablanca.com/hygiene-3d-maroc/service-hygiene-3d-maroc.jpg]
[www.deratisation-casablanca.com/deratisation-casablanca.html]
[www.deratisation-casablanca.com/hygiene-3d-maroc/deratisation-maroc.jpg]
[www.deratisation-casablanca.com/hygiene-3d-maroc/desinsectisation-maroc.jpg]
[www.deratisation-casablanca.com/hygiene-3d-maroc/desinfection-maroc.jpg]
[www.deratisation-casablanca.com/hygiene-3d-maroc/dereptilisation-maroc.jpg]
[www.deratisation-casablanca.com/hygiene-3d-maroc.html]
[www.deratisation-casablanca.com/pplan-de-site.html]
[www.deratisation-casablanca.com/css/desinsectisation-casablanca/casablanca-cafards.html]
[www.deratisation-casablanca.com/img/portfolio/20.html]
[www.deratisation-casablanca.com/single-project.html]
[www.deratisation-casablanca.com/deratisation-casablanca.html]
