[backblue.gif]
[fade.gif]
[index.html]
[societe-nettoyage-casablanca.com/images/logo.png]
[societe-nettoyage-casablanca.com/jas/modernizr.min.js]
[societe-nettoyage-casablanca.com/jas/jquery.js]
[maxcdn.bootstrapcdn.com/bootstrap/3.4.0/css/bootstrap.min.css]
[societe-nettoyage-casablanca.com/images/fr.png]
[societe-nettoyage-casablanca.com/images/sliders/societe-nettoyage-casablanca.jpg]
[societe-nettoyage-casablanca.com/images/sliders/nettoyage-moquette-casablanca.jpg]
[societe-nettoyage-casablanca.com/images/sliders/nettoyage-vitres-casablanca.jpg]
[societe-nettoyage-casablanca.com/images/sliders/deratisation-casablanca.jpg]
[societe-nettoyage-casablanca.com/images/office-820390_640-580x380.jpg]
[societe-nettoyage-casablanca.com/images/ipad-605439_640-580x380.jpg]
[societe-nettoyage-casablanca.com/images/phone-690091_640-580x380.jpg]
[societe-nettoyage-casablanca.com/images/home-brochure.jpg]
[societe-nettoyage-casablanca.com/images/img_nettoyagevitres.jpg]
[societe-nettoyage-casablanca.com/images/nettoyage_moquette_1.jpg]
[societe-nettoyage-casablanca.com/images/nettoyage-maison2.jpg]
[societe-nettoyage-casablanca.com/images/Nettoyage-appartement.jpg]
[societe-nettoyage-casablanca.com/images/nettoyage_bureaux_2.jpg]
[societe-nettoyage-casablanca.com/images/nettoyage_parquet_3.jpg]
[societe-nettoyage-casablanca.com/images/nettoyage_restaurant_casa.jpg]
[societe-nettoyage-casablanca.com/images/nettoyage_hotel_5.jpg]
[societe-nettoyage-casablanca.com/jas/bootstrap.min.js]
[societe-nettoyage-casablanca.com/js/plugins/jquery/jquery.min.js]
[societe-nettoyage-casablanca.com/js/plugins/jquery/jquery-ui.min.js]
[societe-nettoyage-casablanca.com/jas/kl-plugins.js]
[societe-nettoyage-casablanca.com/jas/plugins/scrollme/jquery.scrollme.js]
[societe-nettoyage-casablanca.com/jas/plugins/_sliders/ios/jquery.iosslider.min.js]
[societe-nettoyage-casablanca.com/jas/trigger/slider/ios/kl-ios-slider.js]
[societe-nettoyage-casablanca.com/jas/plugins/_sliders/caroufredsel/jquery.carouFredSel-packed.js]
[societe-nettoyage-casablanca.com/jas/trigger/kl-screenshot-box.js]
[societe-nettoyage-casablanca.com/jas/trigger/kl-partners-carousel.js]
[societe-nettoyage-casablanca.com/jas/trigger/kl-recent-work-carousel.js]
[societe-nettoyage-casablanca.com/jas/trigger/kl-recent-work-carousel2.js]
[societe-nettoyage-casablanca.com/jas/trigger/kl-recent-work-carousel3.js]
[societe-nettoyage-casablanca.com/jas/kl-scripts.js]
[societe-nettoyage-casablanca.com/index.html]
[maxcdn.bootstrapcdn.com/bootstrap/3.4.0/css/bootstrap.min.css]
[societe-nettoyage-casablanca.com/css/sliders/ios/style.css]
[societe-nettoyage-casablanca.com/images/list-style1.png]
[societe-nettoyage-casablanca.com/images/list-style2.png]
[societe-nettoyage-casablanca.com/fonts/fontello4fee4fee.eot]
[societe-nettoyage-casablanca.com/fonts/fontello4fee4fee.woff]
[societe-nettoyage-casablanca.com/fonts/fontello4fee4fee.ttf]
[societe-nettoyage-casablanca.com/fonts/icomoonfdbafdba.eot]
[societe-nettoyage-casablanca.com/fonts/icomoond41dd41d.eot]
[societe-nettoyage-casablanca.com/fonts/icomoonfdbafdba.ttf]
[societe-nettoyage-casablanca.com/fonts/icomoonfdbafdba.woff]
[societe-nettoyage-casablanca.com/images/hoverme.png]
[societe-nettoyage-casablanca.com/images/hoverme-dark.png]
[societe-nettoyage-casablanca.com/images/shadow-up.png]
[societe-nettoyage-casablanca.com/images/shadow-down.png]
[societe-nettoyage-casablanca.com/images/bottom_mask.png]
[societe-nettoyage-casablanca.com/images/bottom_mask2.png]
[societe-nettoyage-casablanca.com/images/plus01.png]
[societe-nettoyage-casablanca.com/images/ok3.png]
[societe-nettoyage-casablanca.com/images/video-pattern-1.png]
[societe-nettoyage-casablanca.com/images/video-pattern-2.png]
[societe-nettoyage-casablanca.com/images/twitter-bird.png]
[societe-nettoyage-casablanca.com/css/template.css]
[societe-nettoyage-casablanca.com/css/responsive.css]
[societe-nettoyage-casablanca.com/css/base-sizing.css]
[societe-nettoyage-casablanca.com/css/custom.css]
[societe-nettoyage-casablanca.com/cdnjs.cloudflare.com/ajax/libs/jquery/2.1.3/jquery.min.html]
[maxcdn.bootstrapcdn.com/bootstrap/3.4.1/css/bootstrap.min.css]
[ajax.googleapis.com/ajax/libs/jquery/3.5.1/jquery.min.js]
[maxcdn.bootstrapcdn.com/bootstrap/3.4.1/js/bootstrap.min.js]
[societe-nettoyage-casablanca.com/images/NettoyageMaisons.jpg]
[societe-nettoyage-casablanca.com/images/nettoyage-casablanca-maroc.jpg]
[societe-nettoyage-casablanca.com/images/societe-de-nettoyage-a-casablanca.jpg]
[cdnjs.cloudflare.com/ajax/libs/jquery/2.1.3/jquery.min.js]
[societe-nettoyage-casablanca.com/images/societe-nettoyage-a-casablanca.jpg]
[societe-nettoyage-casablanca.com/societe-nettoyage-casablanca.html]
[societe-nettoyage-casablanca.com/images/Valeurs-nettoyage-casablanca-maroc.jpg]
[societe-nettoyage-casablanca.com/images/engagement-nettoyage-casablanca.jpg]
[societe-nettoyage-casablanca.com/images/innovation-nettoyage-casablanca.jpg]
[societe-nettoyage-casablanca.com/images/integrite-nettoyage-casablanca.jpg]
[societe-nettoyage-casablanca.com/images/pofessionnalisme-nettoyage-casablanca.jpg]
[societe-nettoyage-casablanca.com/valeurs-nettoyage-casablanca.html]
[societe-nettoyage-casablanca.com/images/reference-nettoyage-casablanca.jpg]
[societe-nettoyage-casablanca.com/images/nos-references-nettoyage-casablanca.jpg]
[societe-nettoyage-casablanca.com/reference-nettoyage-casablanca.html]
[societe-nettoyage-casablanca.com/images/nettoyage-particulier-casablanca.jpg]
[societe-nettoyage-casablanca.com/images/nettoyage-pour-particulier-casablanca.jpg]
[societe-nettoyage-casablanca.com/images/nettoyage-pour-particulier-maroc.jpg]
[societe-nettoyage-casablanca.com/images/societe-nettoyage-particulier-casablanca.jpg]
[societe-nettoyage-casablanca.com/nettoyage-particulier-casablanca.html]
[societe-nettoyage-casablanca.com/images/nettoyage-professionnel-casablanca.jpg]
[societe-nettoyage-casablanca.com/images/nettoyage-pour-professionnel-casablanca.jpg]
[societe-nettoyage-casablanca.com/images/nettoyage-pour-professionnel-maroc.jpg]
[societe-nettoyage-casablanca.com/images/societe-nettoyage-professionnel-casablanca.jpg]
[societe-nettoyage-casablanca.com/nettoyage-professionnel-casablanca.html]
[societe-nettoyage-casablanca.com/images/femme-menage-casablanca.jpg]
[societe-nettoyage-casablanca.com/images/femme-menage-casablanca-maroc.png]
[societe-nettoyage-casablanca.com/femme-menage-casablanca.html]
[societe-nettoyage-casablanca.com/images/NettoyageBureaux.jpg]
[societe-nettoyage-casablanca.com/images/nettoyage-bureau-casablanca-maroc.jpg]
[societe-nettoyage-casablanca.com/jas/plugins/jquery.gmap.min.js]
[societe-nettoyage-casablanca.com/nettoyage-bureaux-casablanca.html]
[societe-nettoyage-casablanca.com/images/NettoyageLocaux.jpg]
[societe-nettoyage-casablanca.com/images/nettoyage-locaux-casablanca-maroc.jpg]
[societe-nettoyage-casablanca.com/nettoyage-locaux-casablanca.html]
[societe-nettoyage-casablanca.com/images/NettoyageFinDeChantier.jpg]
[societe-nettoyage-casablanca.com/images/nettoyage-fin-chantier-casablanca-maroc.jpg]
[societe-nettoyage-casablanca.com/nettoyage-fin-chantier-casablanca.html]
[societe-nettoyage-casablanca.com/images/NettoyageAprèsTravaux.jpg]
[societe-nettoyage-casablanca.com/images/nettoyage-apres-travaux-casablanca-maroc.jpg]
[societe-nettoyage-casablanca.com/nettoyage-apres-travaux-casablanca.html]
[societe-nettoyage-casablanca.com/images/NettoyageAppartements.jpg]
[societe-nettoyage-casablanca.com/images/nettoyage-appartement-casablanca-maroc.jpg]
[societe-nettoyage-casablanca.com/nettoyage-appartements-casablanca.html]
[societe-nettoyage-casablanca.com/images/femme_ménage.jpg]
[societe-nettoyage-casablanca.com/images/femme_ménage_casablanca.jpg]
[societe-nettoyage-casablanca.com/images/femme_ménage_maison.jpg]
[societe-nettoyage-casablanca.com/nettoyage-maisons-casablanca.html]
[societe-nettoyage-casablanca.com/images/NettoyageVillas.jpg]
[societe-nettoyage-casablanca.com/images/nettoyage-villa-casablanca-maroc.jpg]
[societe-nettoyage-casablanca.com/nettoyage-villas-casablanca.html]
[societe-nettoyage-casablanca.com/images/NettoyageIndustriel.jpg]
[societe-nettoyage-casablanca.com/images/nettoyage-industriel-casablanca-maroc.jpg]
[societe-nettoyage-casablanca.com/nettoyage-industriel-casablanca.html]
[societe-nettoyage-casablanca.com/images/NettoyageResidence.jpg]
[societe-nettoyage-casablanca.com/images/nettoyage-residences-casablanca-maroc.jpg]
[societe-nettoyage-casablanca.com/nettoyage-residences-casablanca.html]
[societe-nettoyage-casablanca.com/images/Nettoyagehotels.jpg]
[societe-nettoyage-casablanca.com/images/nettoyage-hotels-casablanca-maroc.jpg]
[societe-nettoyage-casablanca.com/nettoyage-hotels-casablanca.html]
[societe-nettoyage-casablanca.com/images/nettoyage-restaurants.jpg]
[societe-nettoyage-casablanca.com/images/nettoyage-restaurants-casablanca-maroc.jpg]
[societe-nettoyage-casablanca.com/nettoyage-restaurants-casablanca.html]
[societe-nettoyage-casablanca.com/images/NettoyageVitres.jpg]
[societe-nettoyage-casablanca.com/images/nettoyage-des-vitres-casablanca-maroc.jpg]
[societe-nettoyage-casablanca.com/nettoyage-vitres-casablanca.html]
[societe-nettoyage-casablanca.com/images/nettoyage-moquettes.jpg]
[societe-nettoyage-casablanca.com/images/nettoyage-moquettes-casablanca-maroc.jpg]
[societe-nettoyage-casablanca.com/nettoyage-moquettes-casablanca.html]
[societe-nettoyage-casablanca.com/images/nettoyage-parquets.jpg]
[societe-nettoyage-casablanca.com/images/nettoyage-parquet-casablanca-maroc.jpg]
[societe-nettoyage-casablanca.com/nettoyage-parquet-casablanca.html]
[societe-nettoyage-casablanca.com/images/Nettoyage-sols-casablanca.jpg]
[societe-nettoyage-casablanca.com/images/nettoyage-sols-casablanca-maroc.jpg]
[societe-nettoyage-casablanca.com/societe-nettoyage-entretien-sol-casablanca.html]
[societe-nettoyage-casablanca.com/images/Nettoyage-marbre-casablanca.jpg]
[societe-nettoyage-casablanca.com/images/cristallisation-marbre-casablanca-maroc.jpg]
[societe-nettoyage-casablanca.com/societe-nettoyage-cristallisation-marbre-casablanca.html]
[societe-nettoyage-casablanca.com/images/nettoyage-poncage-parquet-casablanca.jpg]
[societe-nettoyage-casablanca.com/images/poncage-parquet-casablanca.jpg]
[societe-nettoyage-casablanca.com/societe-nettoyage-poncage-parquet-casablanca.html]
[societe-nettoyage-casablanca.com/images/nettoyage-moquettes-casablanca.jpg]
[societe-nettoyage-casablanca.com/images/nettoyage-moquette-casablanca.jpg]
[societe-nettoyage-casablanca.com/societe-nettoyage-moquette-casablanca-maroc.html]
[societe-nettoyage-casablanca.com/images/nettoyage-tapis-casablanca.jpg]
[societe-nettoyage-casablanca.com/images/nettoyage-tapis-casablanca-maroc.jpg]
[societe-nettoyage-casablanca.com/societe-nettoyage-tapis-casablanca.html]
[societe-nettoyage-casablanca.com/images/Nettoyage-canapes-casablanca.jpg]
[societe-nettoyage-casablanca.com/images/nettoyage-canapes-casablanca-maroc.jpg]
[societe-nettoyage-casablanca.com/societe-nettoyage-canapes-casablanca.html]
[societe-nettoyage-casablanca.com/images/Nettoyage-chaises-casablanca.jpg]
[societe-nettoyage-casablanca.com/images/nettoyage-chaises-casablanca-maroc.jpg]
[societe-nettoyage-casablanca.com/societe-nettoyage-chaises-casablanca.html]
[societe-nettoyage-casablanca.com/images/Nettoyage-carrelage-casablanca.jpg]
[societe-nettoyage-casablanca.com/images/cristallisation-carrelage-casablanca-maroc.jpg]
[societe-nettoyage-casablanca.com/societe-nettoyage-cristallisation-carrelage-casablanca.html]
[societe-nettoyage-casablanca.com/images/Nettoyage-mosaiques-casablanca.jpg]
[societe-nettoyage-casablanca.com/images/cristallisation-mosaiques-casablanca-maroc.jpg]
[societe-nettoyage-casablanca.com/societe-nettoyage-cristallisation-mosaique-casablanca.html]
[societe-nettoyage-casablanca.com/images/Nettoyage-Degraissage-hottes-casablanca.jpg]
[societe-nettoyage-casablanca.com/images/nettoyage-degraissage-hottes-casablanca-maroc.jpg]
[societe-nettoyage-casablanca.com/societe-Nettoyage-Degraissage-hottes-casablanca.html]
[societe-nettoyage-casablanca.com/images/nettoyage-ventilation-mecanique-casablanca.jpg]
[societe-nettoyage-casablanca.com/images/nettoyage-ventilation-mecanique-casablanca-maroc.jpg]
[societe-nettoyage-casablanca.com/societe-nettoyage-ventilation-mecanique-casablanca.html]
[societe-nettoyage-casablanca.com/images/produitNettoyage.jpg]
[societe-nettoyage-casablanca.com/images/produit-parquet.jpg]
[societe-nettoyage-casablanca.com/images/Produit-marbre.jpg]
[societe-nettoyage-casablanca.com/images/produit-inox.jpg]
[societe-nettoyage-casablanca.com/images/produit-vitres.jpg]
[societe-nettoyage-casablanca.com/images/consommable-nettoyage.jpg]
[societe-nettoyage-casablanca.com/images/produits-moquette.jpg]
[societe-nettoyage-casablanca.com/produits-nettoyage-casablanca.html]
[societe-nettoyage-casablanca.com/images/produit-deratisation.jpg]
[societe-nettoyage-casablanca.com/images/produit-cafards-casablanca.jpg]
[societe-nettoyage-casablanca.com/images/Produit-rat-souris-casablanca.jpg]
[societe-nettoyage-casablanca.com/images/produit-fourmis-casablanca.jpg]
[societe-nettoyage-casablanca.com/images/produit-puces-casablanca.jpg]
[societe-nettoyage-casablanca.com/images/produit-punaise-de-lit-casablanca.jpg]
[societe-nettoyage-casablanca.com/images/produit-anti-pigeon-casablanca.jpg]
[societe-nettoyage-casablanca.com/produits-deratisation-casablanca.html]
[societe-nettoyage-casablanca.com/images/équipementNettoyage.jpg]
[societe-nettoyage-casablanca.com/images/ChariotEntretien.jpg]
[societe-nettoyage-casablanca.com/images/ProduitsEntretien.jpg]
[societe-nettoyage-casablanca.com/images/AspirateurSilencieux.jpg]
[societe-nettoyage-casablanca.com/images/InjecteurExtracteurMoquette.jpg]
[societe-nettoyage-casablanca.com/images/Mono-brosse.jpg]
[societe-nettoyage-casablanca.com/images/LaveuseAuto-tractée.jpg]
[societe-nettoyage-casablanca.com/equipement-nettoyage-casablanca.html]
[societe-nettoyage-casablanca.com/contact-casablanca.html]
[societe-nettoyage-casablanca.com/images/contact.jpg]
[cdnjs.cloudflare.com/ajax/libs/font-awesome/5.15.4/css/all.min.css]
[societe-nettoyage-casablanca.com/stackpath.bootstrapcdn.com/bootstrap/4.3.1/js/bootstrap.min.html]
[societe-nettoyage-casablanca.com/nettoyage-hôtels-casablanca.html]
[societe-nettoyage-casablanca.com/assets/js/plugins/jquery.gmap.min.html]
[societe-nettoyage-casablanca.com/fonts/fontello4fee4fee.svg]
[societe-nettoyage-casablanca.com/fonts/icomoonfdbafdba.svg]
[societe-nettoyage-casablanca.com/images/say_hi.html]
[societe-nettoyage-casablanca.com/images/devices/macbook.html]
[societe-nettoyage-casablanca.com/images/devices/macbook-air.html]
[societe-nettoyage-casablanca.com/images/devices/iphone6.html]
[societe-nettoyage-casablanca.com/images/devices/iphone6-2.html]
[societe-nettoyage-casablanca.com/images/circle-arr-hover.svg]
[societe-nettoyage-casablanca.com/images/step-separator.html]
[societe-nettoyage-casablanca.com/images/ok2.html]
[societe-nettoyage-casablanca.com/images/select-arrow.html]
[societe-nettoyage-casablanca.com/addons/jquery_loupe/blank.html]
[societe-nettoyage-casablanca.com/addons/jquery_loupe/blank-2.html]
[societe-nettoyage-casablanca.com/images/ajax-loader.html]
[societe-nettoyage-casablanca.com/images/say_hi_smaller.html]
[maxcdn.bootstrapcdn.com/bootstrap/3.4.1/css/bootstrap.min.css]
[societe-nettoyage-casablanca.com/contact-casablanca-2.html]
[societe-nettoyage-casablanca.com/images/reactivite-nettoyage-casablanca.html]
[societe-nettoyage-casablanca.com/cristallisation-marbre-casablanca.html]
[societe-nettoyage-casablanca.com/produits-nettoyage-casablanca-2.html]
[societe-nettoyage-casablanca.com/nettoyage-tapis-casablanca.html]
[societe-nettoyage-casablanca.com/nettoyage-moquette-casablanca.html]
[societe-nettoyage-casablanca.com/cristallisation-poncage-parquet-casablanca.html]
[societe-nettoyage-casablanca.com/cristallisation-poncage-marbre-casablanca.html]
[societe-nettoyage-casablanca.com/cristallisation-poncage-carrelage-casablanca.html]
[societe-nettoyage-casablanca.com/cristallisation-poncage-mosaique-casablanca.html]
[societe-nettoyage-casablanca.com/fonts/glyphicons-halflings-regular.eot]
[societe-nettoyage-casablanca.com/fonts/glyphicons-halflings-regulard41dd41d.eot]
[societe-nettoyage-casablanca.com/fonts/glyphicons-halflings-regular.woff2]
[societe-nettoyage-casablanca.com/fonts/glyphicons-halflings-regular.woff]
[societe-nettoyage-casablanca.com/fonts/glyphicons-halflings-regular.ttf]
[societe-nettoyage-casablanca.com/css/bootstrap.css]
[societe-nettoyage-casablanca.com/assets/jas/jquery.html]
[societe-nettoyage-casablanca.com/nettoyage-entretien-sol-casablanca.html]
[societe-nettoyage-casablanca.com/nettoyage-cristallisation-marbre-casablanca.html]
[societe-nettoyage-casablanca.com/nettoyage-cristallisation-carrelage-casablanca.html]
[societe-nettoyage-casablanca.com/nettoyage-poncage-parquet-casablanca.html]
[societe-nettoyage-casablanca.com/nettoyage-cristallisation-mosaique-casablanca.html]
[societe-nettoyage-casablanca.com/nettoyage-moquette-casablanca-maroc.html]
[societe-nettoyage-casablanca.com/nettoyage-tapis-casablanca-2.html]
[societe-nettoyage-casablanca.com/Nettoyage-Degraissage-hottes-casablanca.html]
[cdnjs.cloudflare.com/ajax/libs/font-awesome/5.15.4/css/all.min.css]
[societe-nettoyage-casablanca.com/style.css.css]
[societe-nettoyage-casablanca.com/fonts/glyphicons-halflings-regular.svg]
